// Jest Snapshot v1, https://goo.gl/fbAQLP

exports[`projects renders correctly 1`] = `
<div>
  <header resume-url
          external-links
  >
  </header>
  <main class="main">
    <section class="projects">
      <div class="container">
        <div class="row justify-content-center">
          <div class="col-12 text-center mb-5 mt-3">
            <h1>
              Projects
            </h1>
          </div>
        </div>
      </div>
    </section>
  </main>
  <footer>
  </footer>
</div>
`;
