// Jest Snapshot v1, https://goo.gl/fbAQLP

exports[`skills renders correctly 1`] = `
<div>
  <header resume-url
          external-links
  >
  </header>
  <main class="main">
    <section class="skills">
      <div class="skills__heading my-3">
        <h1>
          Skills
        </h1>
      </div>
      <div class="skills__box">
        <div class="skills__tag">
          HTML
        </div>
        <div class="skills__tag">
          JavaScript
        </div>
        <div class="skills__tag">
          CSS
        </div>
        <div class="skills__tag">
          SCSS
        </div>
        <div class="skills__tag">
          Bootstrap
        </div>
        <div class="skills__tag">
          Angular
        </div>
        <div class="skills__tag">
          Vue.js
        </div>
        <div class="skills__tag">
          Nuxt.js
        </div>
        <div class="skills__tag">
          PHP
        </div>
        <div class="skills__tag">
          Laravel
        </div>
        <div class="skills__tag">
          Bash
        </div>
        <div class="skills__tag">
          Docker
        </div>
        <div class="skills__tag">
          JQuery
        </div>
        <div class="skills__tag">
          Webpack
        </div>
      </div>
    </section>
  </main>
  <footer>
  </footer>
</div>
`;
